// Jest Snapshot v1, https://goo.gl/fbAQLP

exports[`renders correctly 1`] = `
<DocumentFragment>
  <div
    class="MuiPaper-root MuiPaper-outlined MuiPaper-rounded MuiCard-root css-1v5z4dq-MuiPaper-root-MuiCard-root"
    data-testid="cityInfoCard"
  >
    <div
      class="MuiCardContent-root css-46bh2p-MuiCardContent-root"
    >
      <p
        class="MuiTypography-root MuiTypography-body1 MuiTypography-gutterBottom css-16m3jxf-MuiTypography-root"
      >
        July 13, 10:48 AM
      </p>
      <div
        class="MuiTypography-root MuiTypography-h3 css-gepadz-MuiTypography-root"
      >
        London, GB
      </div>
      <div
        class="MuiTypography-root MuiTypography-body1 css-9eg9l8-MuiTypography-root"
        style="display: flex;"
      >
        <img
          alt="weather"
          class="MuiCardMedia-root MuiCardMedia-media MuiCardMedia-img css-o69gx8-MuiCardMedia-root"
          src="http://openweathermap.org/img/w/04d.png"
          style="width: 50px; height: 90px; margin-right: 10px;"
        />
        <div
          style="display: flex; align-items: center;"
        >
          <svg
            aria-hidden="true"
            class="MuiSvgIcon-root MuiSvgIcon-fontSizeMedium css-i4bv87-MuiSvgIcon-root"
            data-testid="ThermostatOutlinedIcon"
            focusable="false"
            viewBox="0 0 24 24"
          >
            <path
              d="M15 13V5c0-1.66-1.34-3-3-3S9 3.34 9 5v8c-1.21.91-2 2.37-2 4 0 2.76 2.24 5 5 5s5-2.24 5-5c0-1.63-.79-3.09-2-4zm-4-8c0-.55.45-1 1-1s1 .45 1 1h-1v1h1v2h-1v1h1v2h-2V5z"
            />
          </svg>
          <h1>
            19.22째C
          </h1>
        </div>
      </div>
      <div
        class="MuiTypography-root MuiTypography-body2 css-5hrm3t-MuiTypography-root"
      >
        <p
          style="display: flex; align-items: center;"
        >
          Feels like 19.05째C. Clouds
        </p>
        <p
          style="display: flex; align-items: center;"
        >
          Temperature is from 18.25째C to 20.56째C
        </p>
        <div
          style="display: flex; justify-content: space-between; margin-top: 20px;"
        >
          <div
            style="display: flex; flex-direction: column; align-items: start;"
          >
            <p>
              Pressure: 1031
            </p>
            <p>
              Humidity: 71
            </p>
            <p>
              Wind speed is: 3.6 m/s
            </p>
          </div>
          <div
            style="display: flex; flex-direction: column; align-items: end; justify-content: end;"
          >
            <p>
              The sunrise is at 6:54 AM
            </p>
            <p>
              The sunset is at 11:16 PM
            </p>
          </div>
        </div>
      </div>
    </div>
  </div>
</DocumentFragment>
`;
